// Jest Snapshot v1, https://goo.gl/fbAQLP

exports[`confirmatin page test snapshot matching 1`] = `ShallowWrapper {}`;
