// Jest Snapshot v1, https://goo.gl/fbAQLP

exports[`PayGovTest snapshot matching 1`] = `ShallowWrapper {}`;
